
> lunaria-cinematic-studio@0.1.4 test
> tsc -p tsconfig.tests.json && node scripts/test.mjs

TAP version 13
# Subtest: sibling prefix is not inside selected root
ok 1 - sibling prefix is not inside selected root
  ---
  duration_ms: 1.160653
  type: 'test'
  ...
# Subtest: resolve a Unicode asset path relative to root
ok 2 - resolve a Unicode asset path relative to root
  ---
  duration_ms: 9.643437
  type: 'test'
  ...
# Subtest: reject path traversal before filesystem access
ok 3 - reject path traversal before filesystem access
  ---
  duration_ms: 1.983295
  type: 'test'
  ...
# Subtest: reject symlink escaping selected root
ok 4 - reject symlink escaping selected root
  ---
  duration_ms: 4.664165
  type: 'test'
  ...
# Subtest: atomic save produces a readable JSON and previous .bak
ok 5 - atomic save produces a readable JSON and previous .bak
  ---
  duration_ms: 7.789534
  type: 'test'
  ...
# Subtest: JSON reader accepts a UTF-8 BOM
ok 6 - JSON reader accepts a UTF-8 BOM
  ---
  duration_ms: 2.240736
  type: 'test'
  ...
# Subtest: JSON reader applies size limit
ok 7 - JSON reader applies size limit
  ---
  duration_ms: 2.915138
  type: 'test'
  ...
# Subtest: scanner walks continents and places but ignores non-assets
ok 8 - scanner walks continents and places but ignores non-assets
  ---
  duration_ms: 26.558361
  type: 'test'
  ...
# Subtest: scanner never renames or modifies source files
ok 9 - scanner never renames or modifies source files
  ---
  duration_ms: 3.193145
  type: 'test'
  ...
# Subtest: asset classification distinguishes characters, UI and audio
ok 10 - asset classification distinguishes characters, UI and audio
  ---
  duration_ms: 0.386073
  type: 'test'
  ...
# Subtest: protocol URLs encode filenames without changing the model paths
ok 11 - protocol URLs encode filenames without changing the model paths
  ---
  duration_ms: 0.198495
  type: 'test'
  ...
# Subtest: image cache deduplicates requests for the same file
ok 12 - image cache deduplicates requests for the same file
  ---
  duration_ms: 3.140107
  type: 'test'
  ...
# Subtest: broken image can be retried without restarting
ok 13 - broken image can be retried without restarting
  ---
  duration_ms: 1.048857
  type: 'test'
  ...
# Subtest: failure of an obsolete request does not evict a new library request
ok 14 - failure of an obsolete request does not evict a new library request
  ---
  duration_ms: 0.354266
  type: 'test'
  ...
# Subtest: late success after cache reset does not replace a newer request
ok 15 - late success after cache reset does not replace a newer request
  ---
  duration_ms: 0.362939
  type: 'test'
  ...
# Subtest: invalid dimensions reject and release the image
ok 16 - invalid dimensions reject and release the image
  ---
  duration_ms: 0.661782
  type: 'test'
  ...
# Subtest: oversized images are rejected before retaining the decoded image
ok 17 - oversized images are rejected before retaining the decoded image
  ---
  duration_ms: 0.447294
  type: 'test'
  ...
# Subtest: exactly 64 megapixels are accepted
ok 18 - exactly 64 megapixels are accepted
  ---
  duration_ms: 0.341928
  type: 'test'
  ...
# Subtest: cache entry count is bounded without breaking pending requests
ok 19 - cache entry count is bounded without breaking pending requests
  ---
  duration_ms: 0.366624
  type: 'test'
  ...
# Subtest: search removes accents, separators and letter case
ok 20 - search removes accents, separators and letter case
  ---
  duration_ms: 1.423954
  type: 'test'
  ...
# Subtest: folder labels preserve character stages
ok 21 - folder labels preserve character stages
  ---
  duration_ms: 0.294817
  type: 'test'
  ...
# Subtest: filter accepts multiple terms in any order across path and French labels
ok 22 - filter accepts multiple terms in any order across path and French labels
  ---
  duration_ms: 0.479071
  type: 'test'
  ...
# Subtest: French continent names work even when folders use English
ok 23 - French continent names work even when folders use English
  ---
  duration_ms: 0.391
  type: 'test'
  ...
# Subtest: search ignores accents and whitespace
ok 24 - search ignores accents and whitespace
  ---
  duration_ms: 0.237403
  type: 'test'
  ...
# Subtest: empty search returns everything inside selected subtree
ok 25 - empty search returns everything inside selected subtree
  ---
  duration_ms: 0.191284
  type: 'test'
  ...
# Subtest: folder prefix does not leak into sibling with a similar name
ok 26 - folder prefix does not leak into sibling with a similar name
  ---
  duration_ms: 0.216922
  type: 'test'
  ...
# Subtest: root-level assets remain visible with the all folder filter
ok 27 - root-level assets remain visible with the all folder filter
  ---
  duration_ms: 0.158585
  type: 'test'
  ...
# Subtest: unknown asset kind is still shown with environments
ok 28 - unknown asset kind is still shown with environments
  ---
  duration_ms: 0.467043
  type: 'test'
  ...
# Subtest: type filtering never mixes characters, audio, and bubble frames
ok 29 - type filtering never mixes characters, audio, and bubble frames
  ---
  duration_ms: 0.474304
  type: 'test'
  ...
# Subtest: folder tree counts every asset once per ancestor
ok 30 - folder tree counts every asset once per ancestor
  ---
  duration_ms: 9.118708
  type: 'test'
  ...
# Subtest: folder tree sorts numbers naturally and leaves input untouched
ok 31 - folder tree sorts numbers naturally and leaves input untouched
  ---
  duration_ms: 1.113143
  type: 'test'
  ...
# Subtest: breadcrumbs have relative complete paths
ok 32 - breadcrumbs have relative complete paths
  ---
  duration_ms: 0.169832
  type: 'test'
  ...
# Subtest: root breadcrumb has no empty node
ok 33 - root breadcrumb has no empty node
  ---
  duration_ms: 0.112607
  type: 'test'
  ...
# Subtest: invalid stored preferences recover safe defaults
ok 34 - invalid stored preferences recover safe defaults
  ---
  duration_ms: 0.352674
  type: 'test'
  ...
# Subtest: preference enum values are validated individually
ok 35 - preference enum values are validated individually
  ---
  duration_ms: 1.048116
  type: 'test'
  ...
# Subtest: out-of-range and wrong-type stored width cannot break layout
ok 36 - out-of-range and wrong-type stored width cannot break layout
  ---
  duration_ms: 0.166667
  type: 'test'
  ...
# Subtest: sidebar stays in bounds and reserves room for the scene
ok 37 - sidebar stays in bounds and reserves room for the scene
  ---
  duration_ms: 0.255469
  type: 'test'
  ...
# Subtest: preferences serialization cannot introduce cinematic fields
ok 38 - preferences serialization cannot introduce cinematic fields
  ---
  duration_ms: 0.150794
  type: 'test'
  ...
# Subtest: empty project follows the shared schema
ok 39 - empty project follows the shared schema
  ---
  duration_ms: 3.923075
  type: 'test'
  ...
# Subtest: example with textured bubble is valid
ok 40 - example with textured bubble is valid
  ---
  duration_ms: 2.199606
  type: 'test'
  ...
# Subtest: assets are unique references, not embedded image data
ok 41 - assets are unique references, not embedded image data
  ---
  duration_ms: 0.44433
  type: 'test'
  ...
# Subtest: reject unsafe reference "library:///etc/passwd"
ok 42 - reject unsafe reference "library:///etc/passwd"
  ---
  duration_ms: 0.146468
  type: 'test'
  ...
# Subtest: reject unsafe reference "library://../private.png"
ok 43 - reject unsafe reference "library://../private.png"
  ---
  duration_ms: 0.202681
  type: 'test'
  ...
# Subtest: reject unsafe reference "library://a/../../private.png"
ok 44 - reject unsafe reference "library://a/../../private.png"
  ---
  duration_ms: 0.160358
  type: 'test'
  ...
# Subtest: reject unsafe reference "library://a/./image.png"
ok 45 - reject unsafe reference "library://a/./image.png"
  ---
  duration_ms: 0.12801
  type: 'test'
  ...
# Subtest: reject unsafe reference "library://a//b.png"
ok 46 - reject unsafe reference "library://a//b.png"
  ---
  duration_ms: 0.109503
  type: 'test'
  ...
# Subtest: reject unsafe reference "file:///a.png"
ok 47 - reject unsafe reference "file:///a.png"
  ---
  duration_ms: 0.344912
  type: 'test'
  ...
# Subtest: reject unsafe reference "https://a.png"
ok 48 - reject unsafe reference "https://a.png"
  ---
  duration_ms: 1.556862
  type: 'test'
  ...
# Subtest: reject unsafe reference "library://C:/a.png"
ok 49 - reject unsafe reference "library://C:/a.png"
  ---
  duration_ms: 0.183373
  type: 'test'
  ...
# Subtest: reject unsafe reference "library://a\\\\b.png"
ok 50 - reject unsafe reference "library://a\\\\b.png"
  ---
  duration_ms: 0.082723
  type: 'test'
  ...
# Subtest: reject unsafe reference "library://a\\u0000b.png"
ok 51 - reject unsafe reference "library://a\\u0000b.png"
  ---
  duration_ms: 0.079408
  type: 'test'
  ...
# Subtest: reject unsafe reference "library://a.png?x=1"
ok 52 - reject unsafe reference "library://a.png?x=1"
  ---
  duration_ms: 0.112998
  type: 'test'
  ...
# Subtest: reject unsafe reference "library://a.png\#x"
ok 53 - reject unsafe reference "library://a.png\#x"
  ---
  duration_ms: 0.068011
  type: 'test'
  ...
# Subtest: references preserve Unicode, spaces and case
ok 54 - references preserve Unicode, spaces and case
  ---
  duration_ms: 0.09433
  type: 'test'
  ...
# Subtest: literal percent signs are allowed, URL encoding is handled separately
ok 55 - literal percent signs are allowed, URL encoding is handled separately
  ---
  duration_ms: 0.091045
  type: 'test'
  ...
# Subtest: future schema versions are refused
ok 56 - future schema versions are refused
  ---
  duration_ms: 0.328437
  type: 'test'
  ...
# Subtest: unknown keys cannot silently disappear
ok 57 - unknown keys cannot silently disappear
  ---
  duration_ms: 0.188169
  type: 'test'
  ...
# Subtest: NaN cannot enter a saved project
ok 58 - NaN cannot enter a saved project
  ---
  duration_ms: 0.218985
  type: 'test'
  ...
# Subtest: duplicate IDs are rejected
ok 59 - duplicate IDs are rejected
  ---
  duration_ms: 0.308398
  type: 'test'
  ...
# Subtest: null texture on a textured style is rejected
ok 60 - null texture on a textured style is rejected
  ---
  duration_ms: 0.267707
  type: 'test'
  ...
# Subtest: duplicate a shot remaps actors and their bubbles consistently
ok 61 - duplicate a shot remaps actors and their bubbles consistently
  ---
  duration_ms: 0.717886
  type: 'test'
  ...
# Subtest: deleting a speaker converts its tail to a free point
ok 62 - deleting a speaker converts its tail to a free point
  ---
  duration_ms: 0.353194
  type: 'test'
  ...
# Subtest: manual width resize can be accompanied by automatic text height
ok 63 - manual width resize can be accompanied by automatic text height
  ---
  duration_ms: 0.958443
  type: 'test'
  ...
# Subtest: word wrapping handles hard line breaks and unbroken words
ok 64 - word wrapping handles hard line breaks and unbroken words
  ---
  duration_ms: 0.328478
  type: 'test'
  ...
# Subtest: export generates explicit line breaks without modifying live state
ok 65 - export generates explicit line breaks without modifying live state
  ---
  duration_ms: 0.584398
  type: 'test'
  ...
# Subtest: text overflow is reported without corrupting the JSON
ok 66 - text overflow is reported without corrupting the JSON
  ---
  duration_ms: 0.832677
  type: 'test'
  ...
# Subtest: camera presets keep cover backgrounds inside the frame
ok 67 - camera presets keep cover backgrounds inside the frame
  ---
  duration_ms: 0.539591
  type: 'test'
  ...
# Subtest: actor entrance begins off-screen and ends at its authored position
ok 68 - actor entrance begins off-screen and ends at its authored position
  ---
  duration_ms: 0.499922
  type: 'test'
  ...
# Subtest: tail follows speaker camera transform
ok 69 - tail follows speaker camera transform
  ---
  duration_ms: 0.315749
  type: 'test'
  ...
# Subtest: tail is hidden when the point is inside the bubble
ok 70 - tail is hidden when the point is inside the bubble
  ---
  duration_ms: 0.7206
  type: 'test'
  ...
# Subtest: tail produces three vertices outside the box
ok 71 - tail produces three vertices outside the box
  ---
  duration_ms: 0.119998
  type: 'test'
  ...
# Subtest: original frames use nine bounded source patches
ok 72 - original frames use nine bounded source patches
  ---
  duration_ms: 0.395227
  type: 'test'
  ...
# Subtest: click does not skip a dialogue before its start
ok 73 - click does not skip a dialogue before its start
  ---
  duration_ms: 0.201599
  type: 'test'
  ...
# Subtest: click-gated bubble keeps the shot alive beyond its nominal duration
ok 74 - click-gated bubble keeps the shot alive beyond its nominal duration
  ---
  duration_ms: 0.466372
  type: 'test'
  ...
# Subtest: auto bubble advances without interaction
ok 75 - auto bubble advances without interaction
  ---
  duration_ms: 0.172406
  type: 'test'
  ...
# Subtest: ending dialogue early still respects shot minimum duration
ok 76 - ending dialogue early still respects shot minimum duration
  ---
  duration_ms: 0.144084
  type: 'test'
  ...
# Subtest: pause freezes both camera clock and dialogue clock
ok 77 - pause freezes both camera clock and dialogue clock
  ---
  duration_ms: 0.140188
  type: 'test'
  ...
# Subtest: slow frames keep elapsed time instead of slowing the film
ok 78 - slow frames keep elapsed time instead of slowing the film
  ---
  duration_ms: 0.118106
  type: 'test'
  ...
# Subtest: undo/redo restores a previous state without mutating it
ok 79 - undo/redo restores a previous state without mutating it
  ---
  duration_ms: 0.414426
  type: 'test'
  ...
# Subtest: typing coalesces into one undo step
ok 80 - typing coalesces into one undo step
  ---
  duration_ms: 0.215791
  type: 'test'
  ...
# Subtest: a new edit clears redo history
ok 81 - a new edit clears redo history
  ---
  duration_ms: 0.170814
  type: 'test'
  ...
# Subtest: prototype property __proto__ is rejected as an unknown JSON field
ok 82 - prototype property __proto__ is rejected as an unknown JSON field
  ---
  duration_ms: 0.307647
  type: 'test'
  ...
# Subtest: prototype property constructor is rejected as an unknown JSON field
ok 83 - prototype property constructor is rejected as an unknown JSON field
  ---
  duration_ms: 0.152116
  type: 'test'
  ...
# Subtest: prototype property toString is rejected as an unknown JSON field
ok 84 - prototype property toString is rejected as an unknown JSON field
  ---
  duration_ms: 0.135451
  type: 'test'
  ...
# Subtest: classify decoration path: 07_props/lanterne.png
ok 85 - classify decoration path: 07_props/lanterne.png
  ---
  duration_ms: 2.47174
  type: 'test'
  ...
# Subtest: classify decoration path: props/pierre.png
ok 86 - classify decoration path: props/pierre.png
  ---
  duration_ms: 0.30251
  type: 'test'
  ...
# Subtest: classify decoration path: objets/table.png
ok 87 - classify decoration path: objets/table.png
  ---
  duration_ms: 0.161069
  type: 'test'
  ...
# Subtest: classify decoration path: 02_africa/oasis/objets/table.png
ok 88 - classify decoration path: 02_africa/oasis/objets/table.png
  ---
  duration_ms: 0.171365
  type: 'test'
  ...
# Subtest: classify decoration path: 01_europe/decoration/table.png
ok 89 - classify decoration path: 01_europe/decoration/table.png
  ---
  duration_ms: 0.139557
  type: 'test'
  ...
# Subtest: classify decoration path: Objets de décoration/Meubles/table.png
ok 90 - classify decoration path: Objets de décoration/Meubles/table.png
  ---
  duration_ms: 0.405231
  type: 'test'
  ...
# Subtest: classify decoration path: 07_Décorations/rose.png
ok 91 - classify decoration path: 07_Décorations/rose.png
  ---
  duration_ms: 0.245724
  type: 'test'
  ...
# Subtest: classify decoration path: accessoires/arrosoir.png
ok 92 - classify decoration path: accessoires/arrosoir.png
  ---
  duration_ms: 0.111666
  type: 'test'
  ...
# Subtest: classify decoration path: mobilier/table.png
ok 93 - classify decoration path: mobilier/table.png
  ---
  duration_ms: 0.419794
  type: 'test'
  ...
# Subtest: background classification unchanged: 01_europe/lunaria/decor.png
ok 94 - background classification unchanged: 01_europe/lunaria/decor.png
  ---
  duration_ms: 0.776974
  type: 'test'
  ...
# Subtest: background classification unchanged: 05_environments/serre.png
ok 95 - background classification unchanged: 05_environments/serre.png
  ---
  duration_ms: 0.375768
  type: 'test'
  ...
# Subtest: background classification unchanged: 01_europe/decors/serre.png
ok 96 - background classification unchanged: 01_europe/decors/serre.png
  ---
  duration_ms: 0.101641
  type: 'test'
  ...
# Subtest: prop has its own tab and is not a background/character/UI
ok 97 - prop has its own tab and is not a background/character/UI
  ---
  duration_ms: 0.144274
  type: 'test'
  ...
# Subtest: legacy scene stays version 1 without motion fields
ok 98 - legacy scene stays version 1 without motion fields
  ---
  duration_ms: 6.784533
  type: 'test'
  ...
# Subtest: decoration role explicitly upgrades to version 2; old reader cannot ignore it
ok 99 - decoration role explicitly upgrades to version 2; old reader cannot ignore it
  ---
  duration_ms: 0.499943
  type: 'test'
  ...
# Subtest: prepare makes format 2 without mutating source
ok 100 - prepare makes format 2 without mutating source
  ---
  duration_ms: 0.349159
  type: 'test'
  ...
# Subtest: new format round-trips without image payloads
ok 101 - new format round-trips without image payloads
  ---
  duration_ms: 1.793262
  type: 'test'
  ...
# Subtest: untouched old pose is stable over arbitrary times
ok 102 - untouched old pose is stable over arbitrary times
  ---
  duration_ms: 0.693881
  type: 'test'
  ...
# Subtest: float: motion starts from rest
ok 103 - float: motion starts from rest
  ---
  duration_ms: 0.180428
  type: 'test'
  ...
# Subtest: float: looping periodicity and deterministic scrub
ok 104 - float: looping periodicity and deterministic scrub
  ---
  duration_ms: 0.198374
  type: 'test'
  ...
# Subtest: float: one-shot returns to rest
ok 105 - float: one-shot returns to rest
  ---
  duration_ms: 0.293856
  type: 'test'
  ...
# Subtest: float: entrance and separate delay precede motion
ok 106 - float: entrance and separate delay precede motion
  ---
  duration_ms: 0.24236
  type: 'test'
  ...
# Subtest: sway: motion starts from rest
ok 107 - sway: motion starts from rest
  ---
  duration_ms: 0.10794
  type: 'test'
  ...
# Subtest: sway: looping periodicity and deterministic scrub
ok 108 - sway: looping periodicity and deterministic scrub
  ---
  duration_ms: 0.138696
  type: 'test'
  ...
# Subtest: sway: one-shot returns to rest
ok 109 - sway: one-shot returns to rest
  ---
  duration_ms: 0.114129
  type: 'test'
  ...
# Subtest: sway: entrance and separate delay precede motion
ok 110 - sway: entrance and separate delay precede motion
  ---
  duration_ms: 0.129052
  type: 'test'
  ...
# Subtest: pulse: motion starts from rest
ok 111 - pulse: motion starts from rest
  ---
  duration_ms: 0.104815
  type: 'test'
  ...
# Subtest: pulse: looping periodicity and deterministic scrub
ok 112 - pulse: looping periodicity and deterministic scrub
  ---
  duration_ms: 0.137644
  type: 'test'
  ...
# Subtest: pulse: one-shot returns to rest
ok 113 - pulse: one-shot returns to rest
  ---
  duration_ms: 0.109202
  type: 'test'
  ...
# Subtest: pulse: entrance and separate delay precede motion
ok 114 - pulse: entrance and separate delay precede motion
  ---
  duration_ms: 0.118146
  type: 'test'
  ...
# Subtest: spin: motion starts from rest
ok 115 - spin: motion starts from rest
  ---
  duration_ms: 0.098827
  type: 'test'
  ...
# Subtest: spin: looping periodicity and deterministic scrub
ok 116 - spin: looping periodicity and deterministic scrub
  ---
  duration_ms: 0.122081
  type: 'test'
  ...
# Subtest: spin: one-shot returns to rest
ok 117 - spin: one-shot returns to rest
  ---
  duration_ms: 0.194789
  type: 'test'
  ...
# Subtest: spin: entrance and separate delay precede motion
ok 118 - spin: entrance and separate delay precede motion
  ---
  duration_ms: 0.153357
  type: 'test'
  ...
# Subtest: shake: motion starts from rest
ok 119 - shake: motion starts from rest
  ---
  duration_ms: 0.10161
  type: 'test'
  ...
# Subtest: shake: looping periodicity and deterministic scrub
ok 120 - shake: looping periodicity and deterministic scrub
  ---
  duration_ms: 0.147028
  type: 'test'
  ...
# Subtest: shake: one-shot returns to rest
ok 121 - shake: one-shot returns to rest
  ---
  duration_ms: 0.149672
  type: 'test'
  ...
# Subtest: shake: entrance and separate delay precede motion
ok 122 - shake: entrance and separate delay precede motion
  ---
  duration_ms: 0.17498
  type: 'test'
  ...
# Subtest: bounce: motion starts from rest
ok 123 - bounce: motion starts from rest
  ---
  duration_ms: 0.185466
  type: 'test'
  ...
# Subtest: bounce: looping periodicity and deterministic scrub
ok 124 - bounce: looping periodicity and deterministic scrub
  ---
  duration_ms: 0.127279
  type: 'test'
  ...
# Subtest: bounce: one-shot returns to rest
ok 125 - bounce: one-shot returns to rest
  ---
  duration_ms: 0.099658
  type: 'test'
  ...
# Subtest: bounce: entrance and separate delay precede motion
ok 126 - bounce: entrance and separate delay precede motion
  ---
  duration_ms: 0.111625
  type: 'test'
  ...
# Subtest: float amplitude is measured in logical pixels
ok 127 - float amplitude is measured in logical pixels
  ---
  duration_ms: 0.145716
  type: 'test'
  ...
# Subtest: sway adds to static angle rather than overwriting it
ok 128 - sway adds to static angle rather than overwriting it
  ---
  duration_ms: 0.165506
  type: 'test'
  ...
# Subtest: reverse spin reverses angle, not texture orientation
ok 129 - reverse spin reverses angle, not texture orientation
  ---
  duration_ms: 0.179666
  type: 'test'
  ...
# Subtest: pulse never scales to zero
ok 130 - pulse never scales to zero
  ---
  duration_ms: 0.122923
  type: 'test'
  ...
# Subtest: bottom pivot stays fixed during breathing
ok 131 - bottom pivot stays fixed during breathing
  ---
  duration_ms: 0.223682
  type: 'test'
  ...
# Subtest: top pivot stays fixed during sway
ok 132 - top pivot stays fixed during sway
  ---
  duration_ms: 0.144335
  type: 'test'
  ...
# Subtest: disabled travel is a no-op
ok 133 - disabled travel is a no-op
  ---
  duration_ms: 0.143343
  type: 'test'
  ...
# Subtest: one-way travel holds exact end even during long player dialogue
ok 134 - one-way travel holds exact end even during long player dialogue
  ---
  duration_ms: 0.245995
  type: 'test'
  ...
# Subtest: linear and smooth travel interpolation differ before midpoint
ok 135 - linear and smooth travel interpolation differ before midpoint
  ---
  duration_ms: 0.151445
  type: 'test'
  ...
# Subtest: pingpong covers forward, reverse and several whole cycles
ok 136 - pingpong covers forward, reverse and several whole cycles
  ---
  duration_ms: 1.484054
  type: 'test'
  ...
# Subtest: travel begins after entrance then its own delay
ok 137 - travel begins after entrance then its own delay
  ---
  duration_ms: 0.160498
  type: 'test'
  ...
# Subtest: no-entrance ignores unused delay/duration
ok 138 - no-entrance ignores unused delay/duration
  ---
  duration_ms: 0.15532
  type: 'test'
  ...
# Subtest: travel + effect compose additively without modifying image dimensions
ok 139 - travel + effect compose additively without modifying image dimensions
  ---
  duration_ms: 0.149422
  type: 'test'
  ...
# Subtest: destination uses relative offsets and finite clamps
ok 140 - destination uses relative offsets and finite clamps
  ---
  duration_ms: 0.182631
  type: 'test'
  ...
# Subtest: group move preserves the same relative travel
ok 141 - group move preserves the same relative travel
  ---
  duration_ms: 0.412343
  type: 'test'
  ...
# Subtest: actor duplication clones movement settings and does not share references
ok 142 - actor duplication clones movement settings and does not share references
  ---
  duration_ms: 0.403509
  type: 'test'
  ...
# Subtest: plan duplication keeps same animation timing
ok 143 - plan duplication keeps same animation timing
  ---
  duration_ms: 0.211834
  type: 'test'
  ...
# Subtest: continue plan places completed one-way travel at endpoint without replaying it
ok 144 - continue plan places completed one-way travel at endpoint without replaying it
  ---
  duration_ms: 0.494094
  type: 'test'
  ...
# Subtest: dialogue template does not select decorative objects as the default speakers
ok 145 - dialogue template does not select decorative objects as the default speakers
  ---
  duration_ms: 0.35706
  type: 'test'
  ...
# Subtest: undo/redo of effect also restores the format version
ok 146 - undo/redo of effect also restores the format version
  ---
  duration_ms: 0.475826
  type: 'test'
  ...
# Subtest: rotated resize keeps opposite corner, pivot top, angle -60
ok 147 - rotated resize keeps opposite corner, pivot top, angle -60
  ---
  duration_ms: 0.368667
  type: 'test'
  ...
# Subtest: rotated resize keeps opposite corner, pivot top, angle 0
ok 148 - rotated resize keeps opposite corner, pivot top, angle 0
  ---
  duration_ms: 0.23541
  type: 'test'
  ...
# Subtest: rotated resize keeps opposite corner, pivot top, angle 75
ok 149 - rotated resize keeps opposite corner, pivot top, angle 75
  ---
  duration_ms: 0.097895
  type: 'test'
  ...
# Subtest: rotated resize keeps opposite corner, pivot center, angle -60
ok 150 - rotated resize keeps opposite corner, pivot center, angle -60
  ---
  duration_ms: 0.085597
  type: 'test'
  ...
# Subtest: rotated resize keeps opposite corner, pivot center, angle 0
ok 151 - rotated resize keeps opposite corner, pivot center, angle 0
  ---
  duration_ms: 0.106479
  type: 'test'
  ...
# Subtest: rotated resize keeps opposite corner, pivot center, angle 75
ok 152 - rotated resize keeps opposite corner, pivot center, angle 75
  ---
  duration_ms: 0.089043
  type: 'test'
  ...
# Subtest: rotated resize keeps opposite corner, pivot bottom, angle -60
ok 153 - rotated resize keeps opposite corner, pivot bottom, angle -60
  ---
  duration_ms: 0.078757
  type: 'test'
  ...
# Subtest: rotated resize keeps opposite corner, pivot bottom, angle 0
ok 154 - rotated resize keeps opposite corner, pivot bottom, angle 0
  ---
  duration_ms: 0.077555
  type: 'test'
  ...
# Subtest: rotated resize keeps opposite corner, pivot bottom, angle 75
ok 155 - rotated resize keeps opposite corner, pivot bottom, angle 75
  ---
  duration_ms: 0.194209
  type: 'test'
  ...
# Subtest: visual bounds account for static angle and can be centered
ok 156 - visual bounds account for static angle and can be centered
  ---
  duration_ms: 0.325383
  type: 'test'
  ...
# Subtest: SVG transform contains the authored pivot/rotation/scale
ok 157 - SVG transform contains the authored pivot/rotation/scale
  ---
  duration_ms: 0.271854
  type: 'test'
  ...
# Subtest: bubble tail follows motion, pivot, camera and flip
ok 158 - bubble tail follows motion, pivot, camera and flip
  ---
  duration_ms: 0.441105
  type: 'test'
  ...
# Subtest: deleting rotated speaker preserves free tail at resting anchor
ok 159 - deleting rotated speaker preserves free tail at resting anchor
  ---
  duration_ms: 0.243111
  type: 'test'
  ...
# Subtest: schema rejects invalid motion period=0
ok 160 - schema rejects invalid motion period=0
  ---
  duration_ms: 0.259415
  type: 'test'
  ...
# Subtest: schema rejects invalid motion period=NaN
ok 161 - schema rejects invalid motion period=NaN
  ---
  duration_ms: 0.180999
  type: 'test'
  ...
# Subtest: schema rejects invalid motion period=61
ok 162 - schema rejects invalid motion period=61
  ---
  duration_ms: 0.715543
  type: 'test'
  ...
# Subtest: schema rejects invalid motion delay=-1
ok 163 - schema rejects invalid motion delay=-1
  ---
  duration_ms: 0.184985
  type: 'test'
  ...
# Subtest: schema rejects invalid motion intensity=1.1
ok 164 - schema rejects invalid motion intensity=1.1
  ---
  duration_ms: 0.219155
  type: 'test'
  ...
# Subtest: schema rejects invalid motion preset=execute_script
ok 165 - schema rejects invalid motion preset=execute_script
  ---
  duration_ms: 0.1686
  type: 'test'
  ...
# Subtest: schema rejects invalid motion loop=yes
ok 166 - schema rejects invalid motion loop=yes
  ---
  duration_ms: 0.234018
  type: 'test'
  ...
# Subtest: schema rejects invalid movement dx=4
ok 167 - schema rejects invalid movement dx=4
  ---
  duration_ms: 0.223331
  type: 'test'
  ...
# Subtest: schema rejects invalid movement dy=NaN
ok 168 - schema rejects invalid movement dy=NaN
  ---
  duration_ms: 0.173388
  type: 'test'
  ...
# Subtest: schema rejects invalid movement duration=0
ok 169 - schema rejects invalid movement duration=0
  ---
  duration_ms: 0.158355
  type: 'test'
  ...
# Subtest: schema rejects invalid movement delay=-1
ok 170 - schema rejects invalid movement delay=-1
  ---
  duration_ms: 0.172246
  type: 'test'
  ...
# Subtest: schema rejects invalid movement easing=evil
ok 171 - schema rejects invalid movement easing=evil
  ---
  duration_ms: 0.199035
  type: 'test'
  ...
# Subtest: schema rejects invalid movement repeat=invalid
ok 172 - schema rejects invalid movement repeat=invalid
  ---
  duration_ms: 0.166928
  type: 'test'
  ...
# Subtest: diagnostics warns about late movement without rejecting the cinematic
ok 173 - diagnostics warns about late movement without rejecting the cinematic
  ---
  duration_ms: 0.858946
  type: 'test'
  ...
# Subtest: diagnostics distinguishes intentional exits from missing assets
ok 174 - diagnostics distinguishes intentional exits from missing assets
  ---
  duration_ms: 0.300466
  type: 'test'
  ...
# Subtest: diagnostics catches delayed effects
ok 175 - diagnostics catches delayed effects
  ---
  duration_ms: 0.306335
  type: 'test'
  ...
# Subtest: diagnostics catches stationary trajectories
ok 176 - diagnostics catches stationary trajectories
  ---
  duration_ms: 0.861048
  type: 'test'
  ...
# Subtest: deactivated motion has no movement diagnostic
ok 177 - deactivated motion has no movement diagnostic
  ---
  duration_ms: 0.359253
  type: 'test'
  ...
# Subtest: centering oversized rotated props never creates out-of-schema coordinates
ok 178 - centering oversized rotated props never creates out-of-schema coordinates
  ---
  duration_ms: 0.160358
  type: 'test'
  ...
# Subtest: actor insertion preserves aspect ratio 0.03
ok 179 - actor insertion preserves aspect ratio 0.03
  ---
  duration_ms: 2.985372
  type: 'test'
  ...
# Subtest: actor insertion preserves aspect ratio 0.2
ok 180 - actor insertion preserves aspect ratio 0.2
  ---
  duration_ms: 0.17521
  type: 'test'
  ...
# Subtest: actor insertion preserves aspect ratio 1
ok 181 - actor insertion preserves aspect ratio 1
  ---
  duration_ms: 0.173548
  type: 'test'
  ...
# Subtest: actor insertion preserves aspect ratio 4
ok 182 - actor insertion preserves aspect ratio 4
  ---
  duration_ms: 0.174569
  type: 'test'
  ...
# Subtest: actor insertion preserves aspect ratio 20
ok 183 - actor insertion preserves aspect ratio 20
  ---
  duration_ms: 0.138195
  type: 'test'
  ...
# Subtest: actor insertion preserves aspect ratio 90
ok 184 - actor insertion preserves aspect ratio 90
  ---
  duration_ms: 0.12798
  type: 'test'
  ...
# Subtest: invalid or unrepresentable image ratio NaN is refused
ok 185 - invalid or unrepresentable image ratio NaN is refused
  ---
  duration_ms: 0.30968
  type: 'test'
  ...
# Subtest: invalid or unrepresentable image ratio Infinity is refused
ok 186 - invalid or unrepresentable image ratio Infinity is refused
  ---
  duration_ms: 0.157554
  type: 'test'
  ...
# Subtest: invalid or unrepresentable image ratio 0 is refused
ok 187 - invalid or unrepresentable image ratio 0 is refused
  ---
  duration_ms: 0.352183
  type: 'test'
  ...
# Subtest: invalid or unrepresentable image ratio -1 is refused
ok 188 - invalid or unrepresentable image ratio -1 is refused
  ---
  duration_ms: 0.465651
  type: 'test'
  ...
# Subtest: invalid or unrepresentable image ratio 10000 is refused
ok 189 - invalid or unrepresentable image ratio 10000 is refused
  ---
  duration_ms: 0.236151
  type: 'test'
  ...
# Subtest: invalid or unrepresentable image ratio 0.00001 is refused
ok 190 - invalid or unrepresentable image ratio 0.00001 is refused
  ---
  duration_ms: 0.150314
  type: 'test'
  ...
# Subtest: proportional resizing limits both axes without distortion
ok 191 - proportional resizing limits both axes without distortion
  ---
  duration_ms: 0.241289
  type: 'test'
  ...
# Subtest: actor corner nw respects opposite anchor and ratio
ok 192 - actor corner nw respects opposite anchor and ratio
  ---
  duration_ms: 0.278123
  type: 'test'
  ...
# Subtest: actor corner ne respects opposite anchor and ratio
ok 193 - actor corner ne respects opposite anchor and ratio
  ---
  duration_ms: 0.096193
  type: 'test'
  ...
# Subtest: actor corner sw respects opposite anchor and ratio
ok 194 - actor corner sw respects opposite anchor and ratio
  ---
  duration_ms: 0.092898
  type: 'test'
  ...
# Subtest: actor corner se respects opposite anchor and ratio
ok 195 - actor corner se respects opposite anchor and ratio
  ---
  duration_ms: 0.092117
  type: 'test'
  ...
# Subtest: vertical-only drag now resizes a character
ok 196 - vertical-only drag now resizes a character
  ---
  duration_ms: 0.14111
  type: 'test'
  ...
# Subtest: bubble resize remains independent of aspect ratio
ok 197 - bubble resize remains independent of aspect ratio
  ---
  duration_ms: 0.120679
  type: 'test'
  ...
# Subtest: off-screen objects can be recentered without changing dimensions
ok 198 - off-screen objects can be recentered without changing dimensions
  ---
  duration_ms: 0.869952
  type: 'test'
  ...
# Subtest: numeric edit "1,5" commits safely
ok 199 - numeric edit "1,5" commits safely
  ---
  duration_ms: 0.291673
  type: 'test'
  ...
# Subtest: numeric edit ".75" commits safely
ok 200 - numeric edit ".75" commits safely
  ---
  duration_ms: 0.139898
  type: 'test'
  ...
# Subtest: numeric edit " 2 " commits safely
ok 201 - numeric edit " 2 " commits safely
  ---
  duration_ms: 0.085868
  type: 'test'
  ...
# Subtest: numeric edit "-12" commits safely
ok 202 - numeric edit "-12" commits safely
  ---
  duration_ms: 0.069483
  type: 'test'
  ...
# Subtest: numeric edit "1000" commits safely
ok 203 - numeric edit "1000" commits safely
  ---
  duration_ms: 0.069624
  type: 'test'
  ...
# Subtest: numeric edit "1e4" commits safely
ok 204 - numeric edit "1e4" commits safely
  ---
  duration_ms: 0.058116
  type: 'test'
  ...
# Subtest: numeric edit "" commits safely
ok 205 - numeric edit "" commits safely
  ---
  duration_ms: 0.055783
  type: 'test'
  ...
# Subtest: numeric edit "-" commits safely
ok 206 - numeric edit "-" commits safely
  ---
  duration_ms: 0.053309
  type: 'test'
  ...
# Subtest: numeric edit "." commits safely
ok 207 - numeric edit "." commits safely
  ---
  duration_ms: 0.063164
  type: 'test'
  ...
# Subtest: numeric edit "Infinity" commits safely
ok 208 - numeric edit "Infinity" commits safely
  ---
  duration_ms: 0.117444
  type: 'test'
  ...
# Subtest: numeric edit "NaN" commits safely
ok 209 - numeric edit "NaN" commits safely
  ---
  duration_ms: 0.086799
  type: 'test'
  ...
# Subtest: numeric edit "1,2,3" commits safely
ok 210 - numeric edit "1,2,3" commits safely
  ---
  duration_ms: 0.070745
  type: 'test'
  ...
# Subtest: maximal narrow dialogue can still be saved, no text removed
ok 211 - maximal narrow dialogue can still be saved, no text removed
  ---
  duration_ms: 5.242943
  type: 'test'
  ...
# Subtest: actor deletion preserves the current tail anchor
ok 212 - actor deletion preserves the current tail anchor
  ---
  duration_ms: 0.603636
  type: 'test'
  ...
# Subtest: duplicating a maximum-length plan cannot create an invalid document
ok 213 - duplicating a maximum-length plan cannot create an invalid document
  ---
  duration_ms: 0.364371
  type: 'test'
  ...
# Subtest: consistent library classification: 01_characters/Rose/stage_02/rose.png
ok 214 - consistent library classification: 01_characters/Rose/stage_02/rose.png
  ---
  duration_ms: 0.559941
  type: 'test'
  ...
# Subtest: consistent library classification: Personnages/Radis/stage_03/Radis.png
ok 215 - consistent library classification: Personnages/Radis/stage_03/Radis.png
  ---
  duration_ms: 0.281518
  type: 'test'
  ...
# Subtest: consistent library classification: 06_ui/bulles/encadre.png
ok 216 - consistent library classification: 06_ui/bulles/encadre.png
  ---
  duration_ms: 0.132978
  type: 'test'
  ...
# Subtest: consistent library classification: 01_europe/foret/ambiance.OGG
ok 217 - consistent library classification: 01_europe/foret/ambiance.OGG
  ---
  duration_ms: 0.083984
  type: 'test'
  ...
# Subtest: consistent library classification: décors/Europe/forêt/image.png
ok 218 - consistent library classification: décors/Europe/forêt/image.png
  ---
  duration_ms: 0.487073
  type: 'test'
  ...
# Subtest: wrong resource type refused for background
ok 219 - wrong resource type refused for background
  ---
  duration_ms: 0.480843
  type: 'test'
  ...
# Subtest: wrong resource type refused for actor
ok 220 - wrong resource type refused for actor
  ---
  duration_ms: 0.421405
  type: 'test'
  ...
# Subtest: wrong resource type refused for frame
ok 221 - wrong resource type refused for frame
  ---
  duration_ms: 0.231924
  type: 'test'
  ...
# Subtest: wrong resource type refused for audio
ok 222 - wrong resource type refused for audio
  ---
  duration_ms: 0.251083
  type: 'test'
  ...
# Subtest: object outside visible area generates a warning rather than disappearing unnoticed
ok 223 - object outside visible area generates a warning rather than disappearing unnoticed
  ---
  duration_ms: 0.428126
  type: 'test'
  ...
# Subtest: undo boundaries keep identical edit keys on different selections separate
ok 224 - undo boundaries keep identical edit keys on different selections separate
  ---
  duration_ms: 0.393594
  type: 'test'
  ...
# Subtest: invalid playback delta NaN never corrupts clock
ok 225 - invalid playback delta NaN never corrupts clock
  ---
  duration_ms: 0.227268
  type: 'test'
  ...
# Subtest: invalid playback delta Infinity never corrupts clock
ok 226 - invalid playback delta Infinity never corrupts clock
  ---
  duration_ms: 0.10741
  type: 'test'
  ...
# Subtest: invalid playback delta -Infinity never corrupts clock
ok 227 - invalid playback delta -Infinity never corrupts clock
  ---
  duration_ms: 0.104105
  type: 'test'
  ...
# Subtest: invalid playback delta -1 never corrupts clock
ok 228 - invalid playback delta -1 never corrupts clock
  ---
  duration_ms: 0.083053
  type: 'test'
  ...
# Subtest: invalid playback delta 0 never corrupts clock
ok 229 - invalid playback delta 0 never corrupts clock
  ---
  duration_ms: 0.085868
  type: 'test'
  ...
# Subtest: elapsed time crosses shot boundaries without loss
ok 230 - elapsed time crosses shot boundaries without loss
  ---
  duration_ms: 0.190914
  type: 'test'
  ...
# Subtest: multiple automatic dialogues preserve fractional overflow
ok 231 - multiple automatic dialogues preserve fractional overflow
  ---
  duration_ms: 0.192596
  type: 'test'
  ...
# Subtest: a click-gated dialogue is not consumed by a long dropped frame
ok 232 - a click-gated dialogue is not consumed by a long dropped frame
  ---
  duration_ms: 0.898854
  type: 'test'
  ...
# Subtest: different frame rates produce the same playback state
ok 233 - different frame rates produce the same playback state
  ---
  duration_ms: 0.303551
  type: 'test'
  ...
# Subtest: a huge delta eventually finishes a finite automatic sequence
ok 234 - a huge delta eventually finishes a finite automatic sequence
  ---
  duration_ms: 0.154489
  type: 'test'
  ...
# Subtest: readJsonSource validates and fingerprints exactly one read, preserving BOM
ok 235 - readJsonSource validates and fingerprints exactly one read, preserving BOM
  ---
  duration_ms: 64.341526
  type: 'test'
  ...
# Subtest: asset resolver refuses a directory with an image suffix
ok 236 - asset resolver refuses a directory with an image suffix
  ---
  duration_ms: 2.615803
  type: 'test'
  ...
# Subtest: failed scans reject rather than returning a silently empty library
ok 237 - failed scans reject rather than returning a silently empty library
  ---
  duration_ms: 1.005603
  type: 'test'
  ...
# Subtest: scanner skips zero-byte and unsafe-name files but keeps good images
ok 238 - scanner skips zero-byte and unsafe-name files but keeps good images
  ---
  duration_ms: 15.61971
  type: 'test'
  ...
# Subtest: library URL identity changes even when relative filenames match
ok 239 - library URL identity changes even when relative filenames match
  ---
  duration_ms: 0.277331
  type: 'test'
  ...
# Subtest: new document resets save destination and rejects writes from old session
ok 240 - new document resets save destination and rejects writes from old session
  ---
  duration_ms: 16.97364
  type: 'test'
  ...
# Subtest: stale queued autosave cannot revive a closed project
ok 241 - stale queued autosave cannot revive a closed project
  ---
  duration_ms: 6.186394
  type: 'test'
  ...
# Subtest: open failure retains previous project and recovery
ok 242 - open failure retains previous project and recovery
  ---
  duration_ms: 7.174963
  type: 'test'
  ...
# Subtest: successful open rotates token and removes obsolete recovery
ok 243 - successful open rotates token and removes obsolete recovery
  ---
  duration_ms: 6.483556
  type: 'test'
  ...
# Subtest: external modification is detected before the next save
ok 244 - external modification is detected before the next save
  ---
  duration_ms: 5.893831
  type: 'test'
  ...
# Subtest: externally removed file is not silently recreated
ok 245 - externally removed file is not silently recreated
  ---
  duration_ms: 4.417197
  type: 'test'
  ...
# Subtest: save to another file preserves the externally edited original
ok 246 - save to another file preserves the externally edited original
  ---
  duration_ms: 15.832757
  type: 'test'
  ...
# Subtest: save queues serialize complete documents and preserve previous .bak
ok 247 - save queues serialize complete documents and preserve previous .bak
  ---
  duration_ms: 13.767816
  type: 'test'
  ...
# Subtest: save clears earlier queued recovery snapshots
ok 248 - save clears earlier queued recovery snapshots
  ---
  duration_ms: 9.302691
  type: 'test'
  ...
# Subtest: recovery preserves library information and exact authored data
ok 249 - recovery preserves library information and exact authored data
  ---
  duration_ms: 3.93991
  type: 'test'
  ...
# Subtest: legacy V1 recovery is still readable
ok 250 - legacy V1 recovery is still readable
  ---
  duration_ms: 2.297757
  type: 'test'
  ...
# Subtest: discarding recovery is explicit and persistent
ok 251 - discarding recovery is explicit and persistent
  ---
  duration_ms: 3.895949
  type: 'test'
  ...
# Subtest: corrupt recovery never prevents starting the application
ok 252 - corrupt recovery never prevents starting the application
  ---
  duration_ms: 3.460127
  type: 'test'
  ...
# Subtest: a rejected write does not poison later file operations
ok 253 - a rejected write does not poison later file operations
  ---
  duration_ms: 3.253901
  type: 'test'
  ...
# Subtest: in-memory mutation after autosave request cannot change queued data
ok 254 - in-memory mutation after autosave request cannot change queued data
  ---
  duration_ms: 3.119501
  type: 'test'
  ...
# Subtest: backup symlink is replaced rather than followed
ok 255 - backup symlink is replaced rather than followed
  ---
  duration_ms: 3.505725
  type: 'test'
  ...
# Subtest: too-large saves cannot replace a valid original with an unreadable JSON
ok 256 - too-large saves cannot replace a valid original with an unreadable JSON
  ---
  duration_ms: 31.613365
  type: 'test'
  ...
# Subtest: command execute, undo and redo are immutable and named
ok 257 - command execute, undo and redo are immutable and named
  ---
  duration_ms: 1.303765
  type: 'test'
  ...
# Subtest: a composite edit is exactly one undo step
ok 258 - a composite edit is exactly one undo step
  ---
  duration_ms: 2.167538
  type: 'test'
  ...
# Subtest: an async stale command is refused instead of overwriting changes
ok 259 - an async stale command is refused instead of overwriting changes
  ---
  duration_ms: 0.407134
  type: 'test'
  ...
# Subtest: coalesced commands undo back to the beginning of a gesture
ok 260 - coalesced commands undo back to the beginning of a gesture
  ---
  duration_ms: 0.162852
  type: 'test'
  ...
# Subtest: command boundaries and bounded histories retain the existing contract
ok 261 - command boundaries and bounded histories retain the existing contract
  ---
  duration_ms: 1.881003
  type: 'test'
  ...
# Subtest: group movement preserves relative positions and the source
ok 262 - group movement preserves relative positions and the source
  ---
  duration_ms: 1.107735
  type: 'test'
  ...
# Subtest: movement clamps the group together, not each object separately
ok 263 - movement clamps the group together, not each object separately
  ---
  duration_ms: 0.219265
  type: 'test'
  ...
# Subtest: nonfinite moves do not corrupt a document
ok 264 - nonfinite moves do not corrupt a document
  ---
  duration_ms: 0.255099
  type: 'test'
  ...
# Subtest: bounding boxes use the actual automatic bubble height
ok 265 - bounding boxes use the actual automatic bubble height
  ---
  duration_ms: 3.086352
  type: 'test'
  ...
# Subtest: align selected objects: left
ok 266 - align selected objects: left
  ---
  duration_ms: 0.880337
  type: 'test'
  ...
# Subtest: align selected objects: right
ok 267 - align selected objects: right
  ---
  duration_ms: 0.229681
  type: 'test'
  ...
# Subtest: align selected objects: center-x
ok 268 - align selected objects: center-x
  ---
  duration_ms: 0.206276
  type: 'test'
  ...
# Subtest: align selected objects: top
ok 269 - align selected objects: top
  ---
  duration_ms: 0.151055
  type: 'test'
  ...
# Subtest: align selected objects: bottom
ok 270 - align selected objects: bottom
  ---
  duration_ms: 0.148831
  type: 'test'
  ...
# Subtest: align selected objects: center-y
ok 271 - align selected objects: center-y
  ---
  duration_ms: 0.189301
  type: 'test'
  ...
# Subtest: distribution keeps extreme objects and creates equal gaps
ok 272 - distribution keeps extreme objects and creates equal gaps
  ---
  duration_ms: 0.293025
  type: 'test'
  ...
# Subtest: two objects are not enough to distribute
ok 273 - two objects are not enough to distribute
  ---
  duration_ms: 0.114079
  type: 'test'
  ...
# Subtest: snap aligns group center to the stage center
ok 274 - snap aligns group center to the stage center
  ---
  duration_ms: 0.251453
  type: 'test'
  ...
# Subtest: snap leaves a distant gesture untouched
ok 275 - snap leaves a distant gesture untouched
  ---
  duration_ms: 0.233266
  type: 'test'
  ...
# Subtest: duplicate a character and its bubble remaps the speaker to the copy
ok 276 - duplicate a character and its bubble remaps the speaker to the copy
  ---
  duration_ms: 1.881514
  type: 'test'
  ...
# Subtest: duplicating a bubble alone keeps its original speaker
ok 277 - duplicating a bubble alone keeps its original speaker
  ---
  duration_ms: 0.130043
  type: 'test'
  ...
# Subtest: group deletion safely detaches any remaining bubble
ok 278 - group deletion safely detaches any remaining bubble
  ---
  duration_ms: 0.40419
  type: 'test'
  ...
# Subtest: deleting a group including its own bubble leaves no dangling references
ok 279 - deleting a group including its own bubble leaves no dangling references
  ---
  duration_ms: 0.186297
  type: 'test'
  ...
# Subtest: duplicate refuses excessive object counts atomically
ok 280 - duplicate refuses excessive object counts atomically
  ---
  duration_ms: 0.88222
  type: 'test'
  ...
# Subtest: layer reorder changes only its own type and ignores foreign IDs
ok 281 - layer reorder changes only its own type and ignores foreign IDs
  ---
  duration_ms: 0.375507
  type: 'test'
  ...
# Subtest: smart duplication can discard dialogues, entrances and audio
ok 282 - smart duplication can discard dialogues, entrances and audio
  ---
  duration_ms: 0.445952
  type: 'test'
  ...
# Subtest: template blank is a valid distinct shot
ok 283 - template blank is a valid distinct shot
  ---
  duration_ms: 0.479222
  type: 'test'
  ...
# Subtest: template continue is a valid distinct shot
ok 284 - template continue is a valid distinct shot
  ---
  duration_ms: 0.436197
  type: 'test'
  ...
# Subtest: template dialogue is a valid distinct shot
ok 285 - template dialogue is a valid distinct shot
  ---
  duration_ms: 4.771544
  type: 'test'
  ...
# Subtest: template establishing is a valid distinct shot
ok 286 - template establishing is a valid distinct shot
  ---
  duration_ms: 0.381606
  type: 'test'
  ...
# Subtest: template entrance is a valid distinct shot
ok 287 - template entrance is a valid distinct shot
  ---
  duration_ms: 0.295428
  type: 'test'
  ...
# Subtest: template narration is a valid distinct shot
ok 288 - template narration is a valid distinct shot
  ---
  duration_ms: 0.689954
  type: 'test'
  ...
# Subtest: dialogue templates refuse the same or missing speakers
ok 289 - dialogue templates refuse the same or missing speakers
  ---
  duration_ms: 0.245514
  type: 'test'
  ...
# Subtest: bubble auto placement fits normal text inside the stage
ok 290 - bubble auto placement fits normal text inside the stage
  ---
  duration_ms: 2.905143
  type: 'test'
  ...
# Subtest: placing a bubble never truncates text and does not mutate the input
ok 291 - placing a bubble never truncates text and does not mutate the input
  ---
  duration_ms: 14.617423
  type: 'test'
  ...
# Subtest: placement is deterministic
ok 292 - placement is deterministic
  ---
  duration_ms: 23.088249
  type: 'test'
  ...
# Subtest: diagnostics classify missing references as errors when a library is connected
ok 293 - diagnostics classify missing references as errors when a library is connected
  ---
  duration_ms: 0.892365
  type: 'test'
  ...
# Subtest: without a library missing references remain unverified warnings
ok 294 - without a library missing references remain unverified warnings
  ---
  duration_ms: 0.324592
  type: 'test'
  ...
# Subtest: diagnostics point to out-of-frame actors with a non-destructive fix
ok 295 - diagnostics point to out-of-frame actors with a non-destructive fix
  ---
  duration_ms: 0.787969
  type: 'test'
  ...
# Subtest: overlapping sequential bubbles are informational, not playback errors
ok 296 - overlapping sequential bubbles are informational, not playback errors
  ---
  duration_ms: 0.566441
  type: 'test'
  ...
# Subtest: overflow warning retains an actionable bubble ID
ok 297 - overflow warning retains an actionable bubble ID
  ---
  duration_ms: 0.458962
  type: 'test'
  ...
# Subtest: corrupt collection storage is normalized without unsafe paths
ok 298 - corrupt collection storage is normalized without unsafe paths
  ---
  duration_ms: 0.146177
  type: 'test'
  ...
# Subtest: favorite toggles do not mutate the previous collection
ok 299 - favorite toggles do not mutate the previous collection
  ---
  duration_ms: 0.153157
  type: 'test'
  ...
# Subtest: recents are MRU ordered, deduplicated and bounded at forty
ok 300 - recents are MRU ordered, deduplicated and bounded at forty
  ---
  duration_ms: 0.25627
  type: 'test'
  ...
# Subtest: versions store complete JSON and library reference, never copy source assets
ok 301 - versions store complete JSON and library reference, never copy source assets
  ---
  duration_ms: 15.787549
  type: 'test'
  ...
# Subtest: versions retain the twenty most recent checkpoints in descending time order
ok 302 - versions retain the twenty most recent checkpoints in descending time order
  ---
  duration_ms: 325.499214
  type: 'test'
  ...
# Subtest: automatic checkpoints are deduplicated and limited to one per thirty seconds
ok 303 - automatic checkpoints are deduplicated and limited to one per thirty seconds
  ---
  duration_ms: 9.279557
  type: 'test'
  ...
# Subtest: changing only the library is retained in a later automatic checkpoint
ok 304 - changing only the library is retained in a later automatic checkpoint
  ---
  duration_ms: 7.279037
  type: 'test'
  ...
# Subtest: manual checkpoint is not throttled and stores its label
ok 305 - manual checkpoint is not throttled and stores its label
  ---
  duration_ms: 6.052065
  type: 'test'
  ...
# Subtest: checkpoint captures input at invocation, not at eventual disk write
ok 306 - checkpoint captures input at invocation, not at eventual disk write
  ---
  duration_ms: 2.126357
  type: 'test'
  ...
# Subtest: concurrent manual checkpoints serialize without dropping versions
ok 307 - concurrent manual checkpoints serialize without dropping versions
  ---
  duration_ms: 96.646258
  type: 'test'
  ...
# Subtest: histories belonging to different documents are isolated
ok 308 - histories belonging to different documents are isolated
  ---
  duration_ms: 1.885399
  type: 'test'
  ...
# Subtest: unsafe scope and checkpoint paths are rejected
ok 309 - unsafe scope and checkpoint paths are rejected
  ---
  duration_ms: 1.094525
  type: 'test'
  ...
# Subtest: one corrupted checkpoint does not hide healthy versions
ok 310 - one corrupted checkpoint does not hide healthy versions
  ---
  duration_ms: 12.652705
  type: 'test'
  ...
# Subtest: invalid cinematic data cannot be captured as a version
ok 311 - invalid cinematic data cannot be captured as a version
  ---
  duration_ms: 1.108636
  type: 'test'
  ...
# Subtest: symbolic checkpoint files are not read
ok 312 - symbolic checkpoint files are not read
  ---
  duration_ms: 3.714414
  type: 'test'
  ...
# Subtest: symbolic scope directories are refused on read and write
ok 313 - symbolic scope directories are refused on read and write
  ---
  duration_ms: 1.957467
  type: 'test'
  ...
# Subtest: Save As forks rather than deletes the original history
ok 314 - Save As forks rather than deletes the original history
  ---
  duration_ms: 15.193142
  type: 'test'
  ...
# Subtest: file history keys are deterministic and distinguish paths
ok 315 - file history keys are deterministic and distinguish paths
  ---
  duration_ms: 0.548464
  type: 'test'
  ...
# Subtest: document autosave writes recovery and snapshot, not the open source JSON
ok 316 - document autosave writes recovery and snapshot, not the open source JSON
  ---
  duration_ms: 6.794903
  type: 'test'
  ...
# Subtest: history resumes after saving and reopening the same JSON
ok 317 - history resumes after saving and reopening the same JSON
  ---
  duration_ms: 9.088153
  type: 'test'
  ...
# Subtest: new document does not inherit the previous file history
ok 318 - new document does not inherit the previous file history
  ---
  duration_ms: 2.062302
  type: 'test'
  ...
# Subtest: document version APIs reject stale tokens
ok 319 - document version APIs reject stale tokens
  ---
  duration_ms: 2.273105
  type: 'test'
  ...
# Subtest: startup recovery resumes the version scope of the recovered draft
ok 320 - startup recovery resumes the version scope of the recovered draft
  ---
  duration_ms: 4.897852
  type: 'test'
  ...
# Subtest: discarding startup recovery keeps the abandoned history separate
ok 321 - discarding startup recovery keeps the abandoned history separate
  ---
  duration_ms: 3.188154
  type: 'test'
  ...
# Subtest: loading a version is read-only for the original file and current destination
ok 322 - loading a version is read-only for the original file and current destination
  ---
  duration_ms: 12.638324
  type: 'test'
  ...
1..322
# tests 322
# suites 0
# pass 322
# fail 0
# cancelled 0
# skipped 0
# todo 0
# duration_ms 934.753357

> lunaria-cinematic-studio@0.1.4 schema
> tsc -p tsconfig.tests.json && node scripts/schema.mjs

Schéma généré : docs/cinematic.schema.json
